Archive member included because of file (symbol)

d:/cse/2 nd cse/second term/micro/labs/winavr/set/bin/../lib/gcc/avr/4.3.3/avr5\libgcc.a(_exit.o)
                              d:/cse/2 nd cse/second term/micro/labs/winavr/set/bin/../lib/gcc/avr/4.3.3/../../../../avr/lib/avr5/crtm16.o (exit)
d:/cse/2 nd cse/second term/micro/labs/winavr/set/bin/../lib/gcc/avr/4.3.3/avr5\libgcc.a(_copy_data.o)
                              ./New folder/LCD_Prog.o (__do_copy_data)
d:/cse/2 nd cse/second term/micro/labs/winavr/set/bin/../lib/gcc/avr/4.3.3/avr5\libgcc.a(_clear_bss.o)
                              ./EX_INT_Prog.o (__do_clear_bss)

Memory Configuration

Name             Origin             Length             Attributes
text             0x00000000         0x00020000         xr
data             0x00800060         0x0000ffa0         rw !x
eeprom           0x00810000         0x00010000         rw !x
fuse             0x00820000         0x00000400         rw !x
lock             0x00830000         0x00000400         rw !x
signature        0x00840000         0x00000400         rw !x
*default*        0x00000000         0xffffffff

Linker script and memory map

LOAD d:/cse/2 nd cse/second term/micro/labs/winavr/set/bin/../lib/gcc/avr/4.3.3/../../../../avr/lib/avr5/crtm16.o
LOAD ./New folder/DIO_PROG.o
LOAD ./New folder/LCD_Prog.o
LOAD ./DIO_Prog.o
LOAD ./EX_INT_Prog.o
LOAD ./GIE_Prog.o
LOAD ./main.o
LOAD d:/cse/2 nd cse/second term/micro/labs/winavr/set/bin/../lib/gcc/avr/4.3.3/avr5\libgcc.a
LOAD d:/cse/2 nd cse/second term/micro/labs/winavr/set/bin/../lib/gcc/avr/4.3.3/../../../../avr/lib/avr5\libc.a
LOAD d:/cse/2 nd cse/second term/micro/labs/winavr/set/bin/../lib/gcc/avr/4.3.3/avr5\libgcc.a

.hash
 *(.hash)

.dynsym
 *(.dynsym)

.dynstr
 *(.dynstr)

.gnu.version
 *(.gnu.version)

.gnu.version_d
 *(.gnu.version_d)

.gnu.version_r
 *(.gnu.version_r)

.rel.init
 *(.rel.init)

.rela.init
 *(.rela.init)

.rel.text
 *(.rel.text)
 *(.rel.text.*)
 *(.rel.gnu.linkonce.t*)

.rela.text
 *(.rela.text)
 *(.rela.text.*)
 *(.rela.gnu.linkonce.t*)

.rel.fini
 *(.rel.fini)

.rela.fini
 *(.rela.fini)

.rel.rodata
 *(.rel.rodata)
 *(.rel.rodata.*)
 *(.rel.gnu.linkonce.r*)

.rela.rodata
 *(.rela.rodata)
 *(.rela.rodata.*)
 *(.rela.gnu.linkonce.r*)

.rel.data
 *(.rel.data)
 *(.rel.data.*)
 *(.rel.gnu.linkonce.d*)

.rela.data
 *(.rela.data)
 *(.rela.data.*)
 *(.rela.gnu.linkonce.d*)

.rel.ctors
 *(.rel.ctors)

.rela.ctors
 *(.rela.ctors)

.rel.dtors
 *(.rel.dtors)

.rela.dtors
 *(.rela.dtors)

.rel.got
 *(.rel.got)

.rela.got
 *(.rela.got)

.rel.bss
 *(.rel.bss)

.rela.bss
 *(.rela.bss)

.rel.plt
 *(.rel.plt)

.rela.plt
 *(.rela.plt)

.text           0x00000000      0xcbe
 *(.vectors)
 .vectors       0x00000000       0x54 d:/cse/2 nd cse/second term/micro/labs/winavr/set/bin/../lib/gcc/avr/4.3.3/../../../../avr/lib/avr5/crtm16.o
                0x00000000                __vectors
                0x00000000                __vector_default
 *(.vectors)
 *(.progmem.gcc*)
 *(.progmem*)
                0x00000054                . = ALIGN (0x2)
                0x00000054                __trampolines_start = .
 *(.trampolines)
 .trampolines   0x00000054        0x0 linker stubs
 *(.trampolines*)
                0x00000054                __trampolines_end = .
 *(.jumptables)
 *(.jumptables*)
 *(.lowtext)
 *(.lowtext*)
                0x00000054                __ctors_start = .
 *(.ctors)
                0x00000054                __ctors_end = .
                0x00000054                __dtors_start = .
 *(.dtors)
                0x00000054                __dtors_end = .
 SORT(*)(.ctors)
 SORT(*)(.dtors)
 *(.init0)
 .init0         0x00000054        0x0 d:/cse/2 nd cse/second term/micro/labs/winavr/set/bin/../lib/gcc/avr/4.3.3/../../../../avr/lib/avr5/crtm16.o
                0x00000054                __init
 *(.init0)
 *(.init1)
 *(.init1)
 *(.init2)
 .init2         0x00000054        0xc d:/cse/2 nd cse/second term/micro/labs/winavr/set/bin/../lib/gcc/avr/4.3.3/../../../../avr/lib/avr5/crtm16.o
 *(.init2)
 *(.init3)
 *(.init3)
 *(.init4)
 .init4         0x00000060       0x16 d:/cse/2 nd cse/second term/micro/labs/winavr/set/bin/../lib/gcc/avr/4.3.3/avr5\libgcc.a(_copy_data.o)
                0x00000060                __do_copy_data
 .init4         0x00000076       0x10 d:/cse/2 nd cse/second term/micro/labs/winavr/set/bin/../lib/gcc/avr/4.3.3/avr5\libgcc.a(_clear_bss.o)
                0x00000076                __do_clear_bss
 *(.init4)
 *(.init5)
 *(.init5)
 *(.init6)
 *(.init6)
 *(.init7)
 *(.init7)
 *(.init8)
 *(.init8)
 *(.init9)
 .init9         0x00000086        0x8 d:/cse/2 nd cse/second term/micro/labs/winavr/set/bin/../lib/gcc/avr/4.3.3/../../../../avr/lib/avr5/crtm16.o
 *(.init9)
 *(.text)
 .text          0x0000008e        0x4 d:/cse/2 nd cse/second term/micro/labs/winavr/set/bin/../lib/gcc/avr/4.3.3/../../../../avr/lib/avr5/crtm16.o
                0x0000008e                __vector_12
                0x0000008e                __bad_interrupt
                0x0000008e                __vector_6
                0x0000008e                __vector_11
                0x0000008e                __vector_13
                0x0000008e                __vector_17
                0x0000008e                __vector_19
                0x0000008e                __vector_7
                0x0000008e                __vector_5
                0x0000008e                __vector_4
                0x0000008e                __vector_9
                0x0000008e                __vector_15
                0x0000008e                __vector_8
                0x0000008e                __vector_14
                0x0000008e                __vector_10
                0x0000008e                __vector_16
                0x0000008e                __vector_18
                0x0000008e                __vector_20
 .text          0x00000092        0x0 ./New folder/DIO_PROG.o
 .text          0x00000092        0x0 ./New folder/LCD_Prog.o
 .text          0x00000092        0x0 ./DIO_Prog.o
 .text          0x00000092        0x0 ./EX_INT_Prog.o
 .text          0x00000092        0x0 ./GIE_Prog.o
 .text          0x00000092        0x0 ./main.o
 .text          0x00000092        0x0 d:/cse/2 nd cse/second term/micro/labs/winavr/set/bin/../lib/gcc/avr/4.3.3/avr5\libgcc.a(_exit.o)
 .text          0x00000092        0x0 d:/cse/2 nd cse/second term/micro/labs/winavr/set/bin/../lib/gcc/avr/4.3.3/avr5\libgcc.a(_copy_data.o)
 .text          0x00000092        0x0 d:/cse/2 nd cse/second term/micro/labs/winavr/set/bin/../lib/gcc/avr/4.3.3/avr5\libgcc.a(_clear_bss.o)
                0x00000092                . = ALIGN (0x2)
 *(.text.*)
 .text.DIO_VidSetPinDirection
                0x00000092       0xe6 ./New folder/DIO_PROG.o
                0x00000092                DIO_VidSetPinDirection
 .text.DIO_VidSetPinValue
                0x00000178       0xe6 ./New folder/DIO_PROG.o
                0x00000178                DIO_VidSetPinValue
 .text.DIO_VidGetPinValue
                0x0000025e       0x68 ./New folder/DIO_PROG.o
                0x0000025e                DIO_VidGetPinValue
 .text.DIO_VidSetPortDirection
                0x000002c6       0x54 ./New folder/DIO_PROG.o
                0x000002c6                DIO_VidSetPortDirection
 .text.DIO_VidSetPortValue
                0x0000031a       0x22 ./New folder/DIO_PROG.o
                0x0000031a                DIO_VidSetPortValue
 .text.DIO_VidGetPortValue
                0x0000033c       0x28 ./New folder/DIO_PROG.o
                0x0000033c                DIO_VidGetPortValue
 .text.LCD_Void_Send_Command
                0x00000364      0x124 ./New folder/LCD_Prog.o
                0x00000364                LCD_Void_Send_Command
 .text.LCD_Clear
                0x00000488       0x10 ./New folder/LCD_Prog.o
                0x00000488                LCD_Clear
 .text.LCD_Move_Cursor
                0x00000498       0x32 ./New folder/LCD_Prog.o
                0x00000498                LCD_Move_Cursor
 .text.LCD_Void_Send_Data
                0x000004ca      0x12e ./New folder/LCD_Prog.o
                0x000004ca                LCD_Void_Send_Data
 .text.LCD_Print_String
                0x000005f8       0x26 ./New folder/LCD_Prog.o
                0x000005f8                LCD_Print_String
 .text.LCD_Init
                0x0000061e       0x86 ./New folder/LCD_Prog.o
                0x0000061e                LCD_Init
 .text.DIO_Vid_Set_Pin_Direction
                0x000006a4       0xe6 ./DIO_Prog.o
                0x000006a4                DIO_Vid_Set_Pin_Direction
 .text.DIO_Vid_Set_Pin_Value
                0x0000078a       0xe6 ./DIO_Prog.o
                0x0000078a                DIO_Vid_Set_Pin_Value
 .text.DIO_Vid_Get_Pin_Value
                0x00000870       0x44 ./DIO_Prog.o
                0x00000870                DIO_Vid_Get_Pin_Value
 .text.DIO_Vid_Set_Port_Direction
                0x000008b4       0x54 ./DIO_Prog.o
                0x000008b4                DIO_Vid_Set_Port_Direction
 .text.DIO_Vid_Set_Port_Value
                0x00000908       0x22 ./DIO_Prog.o
                0x00000908                DIO_Vid_Set_Port_Value
 .text.DIO_Vid_Get_Port_Value
                0x0000092a       0x28 ./DIO_Prog.o
                0x0000092a                DIO_Vid_Get_Port_Value
 .text.DIO_7Seg_init
                0x00000952       0x32 ./DIO_Prog.o
                0x00000952                DIO_7Seg_init
 .text.DIO_7Seg_Write_Number
                0x00000984       0x80 ./DIO_Prog.o
                0x00000984                DIO_7Seg_Write_Number
 .text.DIO_7Seg_Write_Value
                0x00000a04       0x36 ./DIO_Prog.o
                0x00000a04                DIO_7Seg_Write_Value
 .text.DIO_7Seg_Write_Char
                0x00000a3a       0x30 ./DIO_Prog.o
                0x00000a3a                DIO_7Seg_Write_Char
 .text.EX_INT0_INIT
                0x00000a6a       0x48 ./EX_INT_Prog.o
                0x00000a6a                EX_INT0_INIT
 .text.EX_INT1_INIT
                0x00000ab2       0x48 ./EX_INT_Prog.o
                0x00000ab2                EX_INT1_INIT
 .text.EX_INT2_INIT
                0x00000afa       0x22 ./EX_INT_Prog.o
                0x00000afa                EX_INT2_INIT
 .text.EX_SET_INT0
                0x00000b1c        0xe ./EX_INT_Prog.o
                0x00000b1c                EX_SET_INT0
 .text.EX_SET_INT1
                0x00000b2a        0xe ./EX_INT_Prog.o
                0x00000b2a                EX_SET_INT1
 .text.EX_SET_INT2
                0x00000b38        0xe ./EX_INT_Prog.o
                0x00000b38                EX_SET_INT2
 .text.__vector_1
                0x00000b46       0x52 ./EX_INT_Prog.o
                0x00000b46                __vector_1
 .text.__vector_2
                0x00000b98       0x52 ./EX_INT_Prog.o
                0x00000b98                __vector_2
 .text.__vector_3
                0x00000bea       0x52 ./EX_INT_Prog.o
                0x00000bea                __vector_3
 .text.GIE_Enable
                0x00000c3c        0x8 ./GIE_Prog.o
                0x00000c3c                GIE_Enable
 .text.GIE_Disable
                0x00000c44        0x8 ./GIE_Prog.o
                0x00000c44                GIE_Disable
 .text.init_SPI_master
                0x00000c4c        0xe ./main.o
                0x00000c4c                init_SPI_master
 .text.INT0_ISR
                0x00000c5a       0x22 ./main.o
                0x00000c5a                INT0_ISR
 .text.main     0x00000c7c       0x3e ./main.o
                0x00000c7c                main
 .text.libgcc   0x00000cba        0x0 d:/cse/2 nd cse/second term/micro/labs/winavr/set/bin/../lib/gcc/avr/4.3.3/avr5\libgcc.a(_exit.o)
 .text.libgcc   0x00000cba        0x0 d:/cse/2 nd cse/second term/micro/labs/winavr/set/bin/../lib/gcc/avr/4.3.3/avr5\libgcc.a(_copy_data.o)
 .text.libgcc   0x00000cba        0x0 d:/cse/2 nd cse/second term/micro/labs/winavr/set/bin/../lib/gcc/avr/4.3.3/avr5\libgcc.a(_clear_bss.o)
                0x00000cba                . = ALIGN (0x2)
 *(.fini9)
 .fini9         0x00000cba        0x0 d:/cse/2 nd cse/second term/micro/labs/winavr/set/bin/../lib/gcc/avr/4.3.3/avr5\libgcc.a(_exit.o)
                0x00000cba                exit
                0x00000cba                _exit
 *(.fini9)
 *(.fini8)
 *(.fini8)
 *(.fini7)
 *(.fini7)
 *(.fini6)
 *(.fini6)
 *(.fini5)
 *(.fini5)
 *(.fini4)
 *(.fini4)
 *(.fini3)
 *(.fini3)
 *(.fini2)
 *(.fini2)
 *(.fini1)
 *(.fini1)
 *(.fini0)
 .fini0         0x00000cba        0x4 d:/cse/2 nd cse/second term/micro/labs/winavr/set/bin/../lib/gcc/avr/4.3.3/avr5\libgcc.a(_exit.o)
 *(.fini0)
                0x00000cbe                _etext = .

.data           0x00800060        0xe load address 0x00000cbe
                0x00800060                PROVIDE (__data_start, .)
 *(.data)
 .data          0x00800060        0x0 d:/cse/2 nd cse/second term/micro/labs/winavr/set/bin/../lib/gcc/avr/4.3.3/../../../../avr/lib/avr5/crtm16.o
 .data          0x00800060        0x0 ./New folder/DIO_PROG.o
 .data          0x00800060        0x0 ./New folder/LCD_Prog.o
 .data          0x00800060        0x0 ./DIO_Prog.o
 .data          0x00800060        0x0 ./EX_INT_Prog.o
 .data          0x00800060        0x0 ./GIE_Prog.o
 .data          0x00800060        0x0 ./main.o
 .data          0x00800060        0x0 d:/cse/2 nd cse/second term/micro/labs/winavr/set/bin/../lib/gcc/avr/4.3.3/avr5\libgcc.a(_exit.o)
 .data          0x00800060        0x0 d:/cse/2 nd cse/second term/micro/labs/winavr/set/bin/../lib/gcc/avr/4.3.3/avr5\libgcc.a(_copy_data.o)
 .data          0x00800060        0x0 d:/cse/2 nd cse/second term/micro/labs/winavr/set/bin/../lib/gcc/avr/4.3.3/avr5\libgcc.a(_clear_bss.o)
 *(.data*)
 .data.cursor   0x00800060        0x1 ./New folder/LCD_Prog.o
 .data.Seg      0x00800061        0x1 ./DIO_Prog.o
                0x00800061                Seg
 .data.x        0x00800062        0x1 ./main.o
                0x00800062                x
 *(.rodata)
 *(.rodata*)
 .rodata.C.0.1467
                0x00800063        0xa ./DIO_Prog.o
 *(.gnu.linkonce.d*)
                0x0080006e                . = ALIGN (0x2)
 *fill*         0x0080006d        0x1 00
                0x0080006e                _edata = .
                0x0080006e                PROVIDE (__data_end, .)

.bss            0x0080006e        0x6
                0x0080006e                PROVIDE (__bss_start, .)
 *(.bss)
 .bss           0x0080006e        0x0 d:/cse/2 nd cse/second term/micro/labs/winavr/set/bin/../lib/gcc/avr/4.3.3/../../../../avr/lib/avr5/crtm16.o
 .bss           0x0080006e        0x0 ./New folder/DIO_PROG.o
 .bss           0x0080006e        0x0 ./New folder/LCD_Prog.o
 .bss           0x0080006e        0x0 ./DIO_Prog.o
 .bss           0x0080006e        0x0 ./EX_INT_Prog.o
 .bss           0x0080006e        0x0 ./GIE_Prog.o
 .bss           0x0080006e        0x0 ./main.o
 .bss           0x0080006e        0x0 d:/cse/2 nd cse/second term/micro/labs/winavr/set/bin/../lib/gcc/avr/4.3.3/avr5\libgcc.a(_exit.o)
 .bss           0x0080006e        0x0 d:/cse/2 nd cse/second term/micro/labs/winavr/set/bin/../lib/gcc/avr/4.3.3/avr5\libgcc.a(_copy_data.o)
 .bss           0x0080006e        0x0 d:/cse/2 nd cse/second term/micro/labs/winavr/set/bin/../lib/gcc/avr/4.3.3/avr5\libgcc.a(_clear_bss.o)
 *(.bss*)
 .bss.INT0_Function_PTR
                0x0080006e        0x2 ./EX_INT_Prog.o
                0x0080006e                INT0_Function_PTR
 .bss.INT1_Function_PTR
                0x00800070        0x2 ./EX_INT_Prog.o
                0x00800070                INT1_Function_PTR
 .bss.INT2_Function_PTR
                0x00800072        0x2 ./EX_INT_Prog.o
                0x00800072                INT2_Function_PTR
 *(COMMON)
                0x00800074                PROVIDE (__bss_end, .)
                0x00000cbe                __data_load_start = LOADADDR (.data)
                0x00000ccc                __data_load_end = (__data_load_start + SIZEOF (.data))

.noinit         0x00800074        0x0
                0x00800074                PROVIDE (__noinit_start, .)
 *(.noinit*)
                0x00800074                PROVIDE (__noinit_end, .)
                0x00800074                _end = .
                0x00800074                PROVIDE (__heap_start, .)

.eeprom         0x00810000        0x0
 *(.eeprom*)
                0x00810000                __eeprom_end = .

.fuse
 *(.fuse)
 *(.lfuse)
 *(.hfuse)
 *(.efuse)

.lock
 *(.lock*)

.signature
 *(.signature*)

.stab
 *(.stab)

.stabstr
 *(.stabstr)

.stab.excl
 *(.stab.excl)

.stab.exclstr
 *(.stab.exclstr)

.stab.index
 *(.stab.index)

.stab.indexstr
 *(.stab.indexstr)

.comment
 *(.comment)

.debug
 *(.debug)

.line
 *(.line)

.debug_srcinfo
 *(.debug_srcinfo)

.debug_sfnames
 *(.debug_sfnames)

.debug_aranges
 *(.debug_aranges)

.debug_pubnames
 *(.debug_pubnames)

.debug_info
 *(.debug_info)
 *(.gnu.linkonce.wi.*)

.debug_abbrev
 *(.debug_abbrev)

.debug_line
 *(.debug_line)

.debug_frame
 *(.debug_frame)

.debug_str
 *(.debug_str)

.debug_loc
 *(.debug_loc)

.debug_macinfo
 *(.debug_macinfo)
OUTPUT(lab04_2.elf elf32-avr)
LOAD linker stubs
